C51 COMPILER V9.60.7.0   DELAY                                                             08/03/2025 23:51:45 PAGE 1   


C51 COMPILER V9.60.7.0, COMPILATION OF MODULE DELAY
OBJECT MODULE PLACED IN .\Objects\delay.obj
COMPILER INVOKED BY: C:\Keil_v5\C51\BIN\C51.EXE delay.c OPTIMIZE(8,SPEED) BROWSE DEBUG OBJECTEXTEND PRINT(.\Listings\del
                    -ay.lst) TABS(2) OBJECT(.\Objects\delay.obj)

line level    source

   1          /* Program-1: Write an Embedded C program to generate a square wave with ON and OFF time of
   2          100 µs on port pin P2.0. Assume that XTAL = 11.0592 MHz. Observe the waveform on keil analyzer
   3          */
   4          
   5          #include<reg51.h>
   6          sbit x = P2^0; 
   7          void delay(void); 
   8          void main () 
   9          {
  10   1        x =0; 
  11   1        while(1) 
  12   1        {
  13   2          x = 1; 
  14   2          delay();
  15   2          x = 0; 
  16   2          delay();
  17   2        }
  18   1      }
  19          void delay()
  20          {
  21   1        TMOD = 0x02; 
  22   1        TH0=0xA4; 
  23   1        TR0 = 1; 
  24   1        while (TF0 == 0); 
  25   1        TR0 = 0; 
  26   1        TF0 = 0; 
  27   1      }


MODULE INFORMATION:   STATIC OVERLAYABLE
   CODE SIZE        =     30    ----
   CONSTANT SIZE    =   ----    ----
   XDATA SIZE       =   ----    ----
   PDATA SIZE       =   ----    ----
   DATA SIZE        =   ----    ----
   IDATA SIZE       =   ----    ----
   BIT SIZE         =   ----    ----
END OF MODULE INFORMATION.


C51 COMPILATION COMPLETE.  0 WARNING(S),  0 ERROR(S)
