A51 MACRO ASSEMBLER  SQRWAVE                                                              07/21/2025 20:39:48 PAGE     1


MACRO ASSEMBLER A51 V8.2.7.0
OBJECT MODULE PLACED IN .\Objects\sqrwave.obj
ASSEMBLER INVOKED BY: C:\Keil_v5\C51\BIN\A51.EXE sqrwave.asm SET(SMALL) DEBUG PRINT(.\Listings\sqrwave.lst) OBJECT(.\Obj
                      ects\sqrwave.obj) EP

LOC  OBJ            LINE     SOURCE

0000 758901            1     MOV TMOD,#01 ;Timer 0, mode 1(16-bit mode)
0003 758AF2            2     HERE: MOV TL0,#0F2H ;TL0=F2H, the low byte
0006 758CFF            3     MOV TH0,#0FFH ;TH0=FFH, the high byte
0009 B296              4     CPL P1.6 ;toggle P1.6
000B D28C              5     DELAY: SETB TR0 ;start the timer 0
000D 308DFD            6     AGAIN: JNB TF0, AGAIN ;monitor timer flag 0 until it rolls over
0010 C28C              7     CLR TR0 ;stop timer 0
0012 C28D              8     CLR TF0 ;clear timer 0 flag
0014 80ED              9     SJMP HERE
                      10     END
A51 MACRO ASSEMBLER  SQRWAVE                                                              07/21/2025 20:39:48 PAGE     2

SYMBOL TABLE LISTING
------ ----- -------


N A M E             T Y P E  V A L U E   ATTRIBUTES

AGAIN. . . . . . .  C ADDR   000DH   A   
DELAY. . . . . . .  C ADDR   000BH   A   
HERE . . . . . . .  C ADDR   0003H   A   
P1 . . . . . . . .  D ADDR   0090H   A   
TF0. . . . . . . .  B ADDR   0088H.5 A   
TH0. . . . . . . .  D ADDR   008CH   A   
TL0. . . . . . . .  D ADDR   008AH   A   
TMOD . . . . . . .  D ADDR   0089H   A   
TR0. . . . . . . .  B ADDR   0088H.4 A   


REGISTER BANK(S) USED: 0 


ASSEMBLY COMPLETE.  0 WARNING(S), 0 ERROR(S)
