C51 COMPILER V9.60.7.0   MOD1                                                              08/09/2025 19:43:19 PAGE 1   


C51 COMPILER V9.60.7.0, COMPILATION OF MODULE MOD1
OBJECT MODULE PLACED IN .\Objects\mod1.obj
COMPILER INVOKED BY: C:\Keil_v5\C51\BIN\C51.EXE mod1.c OPTIMIZE(8,SPEED) BROWSE DEBUG OBJECTEXTEND PRINT(.\Listings\mod1
                    -.lst) TABS(2) OBJECT(.\Objects\mod1.obj)

line level    source

   1          /* Program-2: Write an Embedded C program to generate a square wave with ON and OFF time of 1
   2          sec on port pin P2.0. Assume that XTAL = 11.0592 MHz. Observe the waveform on keil analyzer */
   3          
   4          #include<reg51.h>
   5          sbit x = P2^0; // P2.0 assigned to x variable
   6          void delay(unsigned int); // Delay function declaration
   7          void main () // main function
   8          {
   9   1        x =0; //output logic 0 to P2.0
  10   1        while(1) // infinite loop
  11   1        {
  12   2          x = 1; // make port pin High
  13   2          delay(10000);
  14   2          x = 0; // make port pin Low
  15   2          delay(10000);
  16   2        }
  17   1      }
  18          void delay(unsigned int k)
  19          {
  20   1      unsigned int i;
  21   1        for(i=0; i<k; i++)
  22   1        {
  23   2          //timer delay of 100 µs
  24   2          TMOD = 0x02; // Timer 0, mode1
  25   2          TH0=0xA4; //initial value for 100 µs
  26   2          TR0 = 1; // timer0 start
  27   2          while (TF0 == 0); // check overflow condition
  28   2          TR0 = 0; // Stop Timer
  29   2          TF0 = 0; // Clear flag
  30   2        }
  31   1      }


MODULE INFORMATION:   STATIC OVERLAYABLE
   CODE SIZE        =     55    ----
   CONSTANT SIZE    =   ----    ----
   XDATA SIZE       =   ----    ----
   PDATA SIZE       =   ----    ----
   DATA SIZE        =   ----    ----
   IDATA SIZE       =   ----    ----
   BIT SIZE         =   ----    ----
END OF MODULE INFORMATION.


C51 COMPILATION COMPLETE.  0 WARNING(S),  0 ERROR(S)
